[modinathemes.com/agron-html/index.html]
[backblue.gif]
[fade.gif]
[index.html]
[modinathemes.com/agron-html/assets/img/favicon.svg]
[modinathemes.com/agron-html/assets/css/bootstrap.min.css]
[modinathemes.com/agron-html/assets/css/font-awesome.css]
[modinathemes.com/agron-html/assets/css/animate.css]
[modinathemes.com/agron-html/assets/css/magnific-popup.css]
[modinathemes.com/agron-html/assets/css/meanmenu.css]
[modinathemes.com/agron-html/assets/css/odometer.css]
[modinathemes.com/agron-html/assets/css/swiper-bundle.min.css]
[modinathemes.com/agron-html/assets/css/nice-select.css]
[modinathemes.com/agron-html/assets/img/logo/black-logo.svg]
[modinathemes.com/agron-html/contact.html]
[modinathemes.com/agron-html/assets/css/main.css]
[modinathemes.com/agron-html/assets/img/flag.png]
[modinathemes.com/agron-html/assets/img/header/home-1.jpg]
[modinathemes.com/agron-html/index-2.html]
[modinathemes.com/agron-html/assets/img/header/home-2.jpg]
[modinathemes.com/agron-html/index-3.html]
[modinathemes.com/agron-html/assets/img/header/home-3.jpg]
[modinathemes.com/agron-html/index-4.html]
[modinathemes.com/agron-html/assets/img/header/home-4.jpg]
[modinathemes.com/agron-html/index-5.html]
[modinathemes.com/agron-html/assets/img/header/home-5.jpg]
[modinathemes.com/agron-html/about.html]
[modinathemes.com/agron-html/project.html]
[modinathemes.com/agron-html/project-details.html]
[modinathemes.com/agron-html/team.html]
[modinathemes.com/agron-html/team-details.html]
[modinathemes.com/agron-html/pricing.html]
[modinathemes.com/agron-html/gallery.html]
[modinathemes.com/agron-html/testimonial.html]
[modinathemes.com/agron-html/history.html]
[modinathemes.com/agron-html/faq.html]
[modinathemes.com/agron-html/comming-soon.html]
[modinathemes.com/agron-html/404.html]
[modinathemes.com/agron-html/service.html]
[modinathemes.com/agron-html/service-details.html]
[modinathemes.com/agron-html/news-grid.html]
[modinathemes.com/agron-html/news.html]
[modinathemes.com/agron-html/news-details.html]
[modinathemes.com/agron-html/shop.html]
[modinathemes.com/agron-html/shop-details.html]
[modinathemes.com/agron-html/shop-cart.html]
[modinathemes.com/agron-html/checkout.html]
[modinathemes.com/agron-html/assets/img/home-1/hero/hero-01.png]
[modinathemes.com/agron-html/assets/img/home-1/hero/hero-title.svg]
[modinathemes.com/agron-html/assets/img/home-1/hero/hero-02.png]
[modinathemes.com/agron-html/assets/img/home-1/feature/feature-01.png]
[modinathemes.com/agron-html/assets/img/home-1/feature/feature-02.png]
[modinathemes.com/agron-html/assets/img/home-1/feature/feature-03.png]
[modinathemes.com/agron-html/assets/img/home-1/feature/feature-04.png]
[modinathemes.com/agron-html/assets/img/sub-title.svg]
[modinathemes.com/agron-html/assets/img/home-1/about/about-01.jpg]
[modinathemes.com/agron-html/assets/img/home-1/service/top-shape.png]
[modinathemes.com/agron-html/assets/img/home-1/service/left-shape.png]
[modinathemes.com/agron-html/assets/img/home-1/service/right-shape.png]
[modinathemes.com/agron-html/assets/img/home-1/service/service-01.jpg]
[modinathemes.com/agron-html/assets/img/home-1/service/bottom-shape.png]
[modinathemes.com/agron-html/assets/img/home-1/choose/shape-1.png]
[modinathemes.com/agron-html/assets/img/home-1/choose/choose-01.jpg]
[modinathemes.com/agron-html/assets/img/home-1/choose/choose-02.jpg]
[modinathemes.com/agron-html/assets/img/home-1/choose/organic-icon.png]
[modinathemes.com/agron-html/assets/img/home-1/choose/ratting-icon.png]
[modinathemes.com/agron-html/assets/img/home-1/brand/brand-01.png]
[modinathemes.com/agron-html/assets/img/home-1/brand/brand-02.png]
[modinathemes.com/agron-html/assets/img/home-1/brand/brand-03.png]
[modinathemes.com/agron-html/assets/img/home-1/brand/brand-04.png]
[modinathemes.com/agron-html/assets/img/home-1/brand/brand-05.png]
[modinathemes.com/agron-html/assets/img/home-1/brand/brand-06.png]
[modinathemes.com/agron-html/assets/img/home-1/gallery/gallery-01.jpg]
[modinathemes.com/agron-html/assets/img/home-1/gallery/gallery-02.jpg]
[modinathemes.com/agron-html/assets/img/home-1/gallery/gallery-03.jpg]
[modinathemes.com/agron-html/assets/img/home-1/gallery/gallery-04.jpg]
[modinathemes.com/agron-html/assets/img/home-1/gallery/gallery-05.jpg]
[modinathemes.com/agron-html/assets/img/home-1/gallery/gallery-06.jpg]
[modinathemes.com/agron-html/assets/img/home-1/cta/cta-bg.jpg]
[modinathemes.com/agron-html/assets/img/home-1/cta/cta-01.png]
[modinathemes.com/agron-html/assets/img/home-1/shop/shop-01.png]
[modinathemes.com/agron-html/assets/img/home-1/shop/shop-02.png]
[modinathemes.com/agron-html/assets/img/home-1/shop/shop-03.png]
[modinathemes.com/agron-html/assets/img/home-1/shop/shop-04.png]
[modinathemes.com/agron-html/assets/img/home-1/testimonial/testimonial-01.jpg]
[modinathemes.com/agron-html/assets/img/home-1/testimonial/client-image.png]
[modinathemes.com/agron-html/assets/img/home-1/contact-shape.png]
[modinathemes.com/agron-html/assets/img/home-1/contact-img-01.jpg]
[modinathemes.com/agron-html/assets/img/home-1/video.png]
[modinathemes.com/agron-html/assets/img/home-1/news/news-01.jpg]
[modinathemes.com/agron-html/assets/img/home-1/news/news-02.jpg]
[modinathemes.com/agron-html/assets/img/home-1/news/news-03.jpg]
[modinathemes.com/agron-html/assets/img/home-1/footer-bg.jpg]
[modinathemes.com/agron-html/assets/img/logo/white-logo.svg]
[modinathemes.com/agron-html/assets/img/home-1/footer-post-1.jpg]
[modinathemes.com/agron-html/assets/img/home-1/footer-post-2.jpg]
[modinathemes.com/agron-html/assets/img/home-1/footer-bottom.png]
[modinathemes.com/agron-html/assets/js/jquery-3.7.1.min.js]
[modinathemes.com/agron-html/assets/js/bootstrap.bundle.min.js]
[modinathemes.com/agron-html/assets/js/jquery.nice-select.min.js]
[modinathemes.com/agron-html/assets/js/odometer.min.js]
[modinathemes.com/agron-html/assets/js/jquery.appear.min.js]
[modinathemes.com/agron-html/assets/js/jquery.meanmenu.min.js]
[modinathemes.com/agron-html/assets/js/swiper-bundle.min.js]
[modinathemes.com/agron-html/assets/js/jquery.magnific-popup.min.js]
[modinathemes.com/agron-html/assets/js/wow.min.js]
[modinathemes.com/agron-html/assets/js/gsap.min.js]
[modinathemes.com/agron-html/assets/js/ScrollTrigger.min.js]
[modinathemes.com/agron-html/assets/js/SplitText.min.js]
[modinathemes.com/agron-html/assets/js/splitType.js]
[modinathemes.com/agron-html/assets/js/main.js]
[modinathemes.com/agron-html/index.html]
[modinathemes.com/agron-html/assets/img/favicon.svg]
[modinathemes.com/agron-html/assets/css/bootstrap.min.css]
[modinathemes.com/agron-html/assets/fonts/fa-brands-400.woff2]
[modinathemes.com/agron-html/assets/fonts/fa-brands-400.woff]
[modinathemes.com/agron-html/assets/fonts/fa-brands-400d41d.eot]
[modinathemes.com/agron-html/assets/fonts/fa-light-300.eot]
[modinathemes.com/agron-html/assets/fonts/fa-light-300.woff2]
[modinathemes.com/agron-html/assets/fonts/fa-light-300.woff]
[modinathemes.com/agron-html/assets/fonts/fa-light-300d41d.eot]
[modinathemes.com/agron-html/assets/fonts/fa-regular-400.eot]
[modinathemes.com/agron-html/assets/fonts/fa-regular-400.woff2]
[modinathemes.com/agron-html/assets/fonts/fa-regular-400d41d.eot]
[modinathemes.com/agron-html/assets/fonts/fa-regular-400.woff]
[modinathemes.com/agron-html/assets/fonts/fa-solid-900.eot]
[modinathemes.com/agron-html/assets/fonts/fa-solid-900.woff2]
[modinathemes.com/agron-html/assets/fonts/fa-solid-900.woff]
[modinathemes.com/agron-html/assets/fonts/fa-solid-900d41d.eot]
[modinathemes.com/agron-html/assets/fonts/flaticon8daf.woff2]
[modinathemes.com/agron-html/assets/fonts/flaticon8daf.woff]
[modinathemes.com/agron-html/assets/fonts/flaticon8daf.eot]
[modinathemes.com/agron-html/assets/css/font-awesome.css]
[modinathemes.com/agron-html/assets/css/animate.css]
[modinathemes.com/agron-html/assets/css/magnific-popup.css]
[modinathemes.com/agron-html/assets/css/meanmenu.css]
[modinathemes.com/agron-html/assets/css/odometer.css]
[modinathemes.com/agron-html/assets/css/swiper-bundle.min.css]
[modinathemes.com/agron-html/assets/css/nice-select.css]
[modinathemes.com/agron-html/assets/img/close.png]
[modinathemes.com/agron-html/assets/img/home-2/text.jpg]
[modinathemes.com/agron-html/assets/img/home-4/hero/hero-bg.jpg]
[modinathemes.com/agron-html/assets/img/quotepost.png]
[modinathemes.com/agron-html/assets/css/main.css]
[modinathemes.com/agron-html/assets/img/logo/black-logo.svg]
[modinathemes.com/agron-html/assets/img/inner-page/breadcroumb.jpg]
[modinathemes.com/agron-html/assets/img/inner-page/shape-1.png]
[modinathemes.com/agron-html/assets/img/inner-page/shape-2.png]
[modinathemes.com/agron-html/assets/img/inner-page/contact-shape.png]
[modinathemes.com/agron-html/assets/img/inner-page/contact-image.jpg]
[modinathemes.com/agron-html/assets/img/home-4/gallery/gallery-01.jpg]
[modinathemes.com/agron-html/assets/img/home-4/gallery/gallery-02.jpg]
[modinathemes.com/agron-html/assets/img/home-4/gallery/gallery-03.jpg]
[modinathemes.com/agron-html/assets/img/home-4/gallery/gallery-04.jpg]
[modinathemes.com/agron-html/assets/img/home-4/gallery/gallery-05.jpg]
[modinathemes.com/agron-html/assets/img/home-4/gallery/gallery-06.jpg]
[modinathemes.com/agron-html/assets/img/home-4/footer-shape-1.png]
[modinathemes.com/agron-html/assets/img/home-4/footer-shape-2.png]
[modinathemes.com/agron-html/assets/js/ajax-mail.js]
[modinathemes.com/agron-html/contact.html]
[modinathemes.com/agron-html/assets/img/inner-page/shop/shop-cart-01.png]
[modinathemes.com/agron-html/assets/img/inner-page/shop/shop-cart-02.png]
[modinathemes.com/agron-html/assets/img/home-2/hero/shape1.png]
[modinathemes.com/agron-html/assets/img/home-2/hero/shape2.png]
[modinathemes.com/agron-html/assets/img/home-2/hero/shape3.png]
[modinathemes.com/agron-html/assets/img/home-2/hero/hero-bg.jpg]
[modinathemes.com/agron-html/assets/img/home-2/hero/hero-bg2.jpg]
[modinathemes.com/agron-html/assets/img/home-2/about/about-01.jpg]
[modinathemes.com/agron-html/assets/img/home-2/about/about-02.jpg]
[modinathemes.com/agron-html/assets/img/home-2/shop/shop-01.png]
[modinathemes.com/agron-html/assets/img/home-2/shop/shop-02.png]
[modinathemes.com/agron-html/assets/img/home-2/shop/shop-03.png]
[modinathemes.com/agron-html/assets/img/home-2/service/service-01.jpg]
[modinathemes.com/agron-html/assets/img/home-2/service/service-02.jpg]
[modinathemes.com/agron-html/assets/img/home-2/service/service-03.jpg]
[modinathemes.com/agron-html/assets/img/home-2/product/shape-01.png]
[modinathemes.com/agron-html/assets/img/home-2/product/shape-02.png]
[modinathemes.com/agron-html/assets/img/home-2/product/shape-03.png]
[modinathemes.com/agron-html/assets/img/home-2/product/product-01.png]
[modinathemes.com/agron-html/assets/img/home-2/product/product-02.png]
[modinathemes.com/agron-html/assets/img/home-2/product/product-03.png]
[modinathemes.com/agron-html/assets/img/home-2/product/product-04.png]
[modinathemes.com/agron-html/assets/img/home-2/product/product-05.png]
[modinathemes.com/agron-html/assets/img/home-2/product/product-06.png]
[modinathemes.com/agron-html/assets/img/home-2/product/product-07.png]
[modinathemes.com/agron-html/assets/img/home-2/product/product-08.png]
[modinathemes.com/agron-html/assets/img/home-2/cta-best/cta-img.png]
[modinathemes.com/agron-html/assets/img/home-2/project/project-01.jpg]
[modinathemes.com/agron-html/assets/img/home-2/project/project-02.jpg]
[modinathemes.com/agron-html/assets/img/home-2/project/project-03.jpg]
[modinathemes.com/agron-html/assets/img/home-2/project/project-04.jpg]
[modinathemes.com/agron-html/assets/img/home-2/testimonial/testi-bg.jpg]
[modinathemes.com/agron-html/assets/img/home-2/testimonial/client-01.png]
[modinathemes.com/agron-html/assets/img/home-2/testimonial/client-02.png]
[modinathemes.com/agron-html/assets/img/home-2/news/shape-1.png]
[modinathemes.com/agron-html/assets/img/home-2/news/news-01.jpg]
[modinathemes.com/agron-html/assets/img/home-2/news/news-02.jpg]
[modinathemes.com/agron-html/assets/img/home-2/news/news-03.jpg]
[modinathemes.com/agron-html/assets/img/home-2/cta/cta-bg.jpg]
[modinathemes.com/agron-html/assets/img/home-2/cta/shape-01.png]
[modinathemes.com/agron-html/assets/img/home-2/cta/shape-02.png]
[modinathemes.com/agron-html/assets/img/home-2/cta/cta-01.png]
[modinathemes.com/agron-html/assets/img/home-3/feature/yellow-bg-shape.png]
[modinathemes.com/agron-html/index-2.html]
[modinathemes.com/agron-html/assets/img/fi.png]
[modinathemes.com/agron-html/assets/img/icon/icon1.svg]
[modinathemes.com/agron-html/assets/img/icon/icon2.svg]
[modinathemes.com/agron-html/assets/img/icon/icon3.svg]
[modinathemes.com/agron-html/assets/img/icon/icon4.svg]
[modinathemes.com/agron-html/assets/img/home-3/hero-bg.jpg]
[modinathemes.com/agron-html/assets/img/home-3/farmer-heor.png]
[modinathemes.com/agron-html/assets/img/home-3/hero-line.png]
[modinathemes.com/agron-html/assets/img/home-3/hero-shape.png]
[modinathemes.com/agron-html/assets/img/home-3/hero-shape-2.png]
[modinathemes.com/agron-html/assets/img/home-3/video-bg.jpg]
[modinathemes.com/agron-html/assets/img/home-3/about/shape-1.png]
[modinathemes.com/agron-html/assets/img/home-3/about/shape-2.png]
[modinathemes.com/agron-html/assets/img/home-3/about/about-02.png]
[modinathemes.com/agron-html/assets/img/home-3/about/about-01.png]
[modinathemes.com/agron-html/assets/img/home-3/service/shape-1.png]
[modinathemes.com/agron-html/assets/img/home-3/service/service-01.jpg]
[modinathemes.com/agron-html/assets/img/home-3/service/service-02.jpg]
[modinathemes.com/agron-html/assets/img/home-3/service/service-03.jpg]
[modinathemes.com/agron-html/assets/img/home-3/service/service-04.jpg]
[modinathemes.com/agron-html/assets/img/home-3/rice-flower.png]
[modinathemes.com/agron-html/assets/img/home-3/vec-line.png]
[modinathemes.com/agron-html/assets/img/home-3/choose-us/left-shape.png]
[modinathemes.com/agron-html/assets/img/home-3/choose-us/right-shape.png]
[modinathemes.com/agron-html/assets/img/home-3/choose-us/choose-01.jpg]
[modinathemes.com/agron-html/assets/img/home-3/choose-us/award-icon.svg]
[modinathemes.com/agron-html/assets/img/home-3/choose-us/teat-shape.png]
[modinathemes.com/agron-html/assets/img/home-3/project-line.png]
[modinathemes.com/agron-html/assets/img/home-3/gallery/left-shape.png]
[modinathemes.com/agron-html/assets/img/home-3/gallery/right-shape.png]
[modinathemes.com/agron-html/assets/img/home-3/gallery/gallery-01.jpg]
[modinathemes.com/agron-html/assets/img/home-3/gallery/gallery-02.jpg]
[modinathemes.com/agron-html/assets/img/home-3/gallery/gallery-03.jpg]
[modinathemes.com/agron-html/assets/img/home-3/gallery/gallery-04.jpg]
[modinathemes.com/agron-html/assets/img/home-3/project-line2.png]
[modinathemes.com/agron-html/assets/img/home-3/rice-flower2.png]
[modinathemes.com/agron-html/assets/img/home-3/team/team-01.jpg]
[modinathemes.com/agron-html/assets/img/home-3/team/team-02.jpg]
[modinathemes.com/agron-html/assets/img/home-3/team/team-03.jpg]
[modinathemes.com/agron-html/assets/img/home-3/shop-line.png]
[modinathemes.com/agron-html/assets/img/home-3/delivery/left-shape.png]
[modinathemes.com/agron-html/assets/img/home-3/delivery/right-shape.png]
[modinathemes.com/agron-html/assets/img/home-3/delivery/bottom-shape.png]
[modinathemes.com/agron-html/assets/img/home-3/delivery/product-01.png]
[modinathemes.com/agron-html/assets/img/home-3/delivery/product-02.png]
[modinathemes.com/agron-html/assets/img/home-3/delivery/product-03.png]
[modinathemes.com/agron-html/assets/img/home-3/delivery/product-04.png]
[modinathemes.com/agron-html/assets/img/home-3/cta-line2.png]
[modinathemes.com/agron-html/assets/img/home-3/cta-discount/cta-bg-image.jpg]
[modinathemes.com/agron-html/assets/img/home-3/cta-discount/shape-1.png]
[modinathemes.com/agron-html/assets/img/home-3/cta-discount/white-circle.png]
[modinathemes.com/agron-html/assets/img/home-3/testimonial/testi-bg.jpg]
[modinathemes.com/agron-html/assets/img/home-3/news/news-01.jpg]
[modinathemes.com/agron-html/assets/img/home-3/news/news-02.jpg]
[modinathemes.com/agron-html/assets/img/home-3/news/news-03.jpg]
[modinathemes.com/agron-html/assets/img/home-3/contact/shape-1.png]
[modinathemes.com/agron-html/assets/img/home-3/contact/shape-2.png]
[modinathemes.com/agron-html/assets/img/home-3/contact/shape-3.png]
[modinathemes.com/agron-html/assets/img/home-3/contact/contact-01.png]
[modinathemes.com/agron-html/index-3.html]
[modinathemes.com/agron-html/assets/js/circle-progress.js]
[modinathemes.com/agron-html/assets/img/icon/icon11.svg]
[modinathemes.com/agron-html/assets/img/icon/icon22.svg]
[modinathemes.com/agron-html/assets/img/icon/icon33.svg]
[modinathemes.com/agron-html/assets/img/icon/icon44.svg]
[modinathemes.com/agron-html/assets/img/home-4/hero/shape-1.png]
[modinathemes.com/agron-html/assets/img/home-4/hero/organic-shape.png]
[modinathemes.com/agron-html/assets/img/home-4/hero/hero-bg2.jpg]
[modinathemes.com/agron-html/assets/img/home-4/service-feature/image-01.jpg]
[modinathemes.com/agron-html/assets/img/home-4/service-feature/image-02.jpg]
[modinathemes.com/agron-html/assets/img/home-4/service-feature/image-03.jpg]
[modinathemes.com/agron-html/assets/img/home-4/achievement/shape-3.png]
[modinathemes.com/agron-html/assets/img/home-4/vec.png]
[modinathemes.com/agron-html/assets/img/home-4/product/product-01.jpg]
[modinathemes.com/agron-html/assets/img/home-4/product/product-02.jpg]
[modinathemes.com/agron-html/assets/img/home-4/product/product-03.jpg]
[modinathemes.com/agron-html/assets/img/home-4/about/about-01.jpg]
[modinathemes.com/agron-html/assets/img/home-4/about/about-02.jpg]
[modinathemes.com/agron-html/assets/img/home-4/about/shape-1.png]
[modinathemes.com/agron-html/assets/img/home-4/about/shape-2.png]
[modinathemes.com/agron-html/assets/img/home-4/service/service-01.jpg]
[modinathemes.com/agron-html/assets/img/home-4/service/service-02.jpg]
[modinathemes.com/agron-html/assets/img/home-4/service/service-03.jpg]
[modinathemes.com/agron-html/assets/img/home-4/service/service-04.jpg]
[modinathemes.com/agron-html/assets/img/home-4/service/service-05.jpg]
[modinathemes.com/agron-html/assets/img/home-4/choose/shape-1.png]
[modinathemes.com/agron-html/assets/img/home-4/choose/choose-03.png]
[modinathemes.com/agron-html/assets/img/home-4/choose/choose-01.png]
[modinathemes.com/agron-html/assets/img/home-4/choose/choose-02.png]
[modinathemes.com/agron-html/assets/img/home-4/choose/delivery-shape.png]
[modinathemes.com/agron-html/assets/img/home-4/catagory/shape-1.png]
[modinathemes.com/agron-html/assets/img/home-4/catagory/image-01.png]
[modinathemes.com/agron-html/assets/img/home-4/catagory/image-02.png]
[modinathemes.com/agron-html/assets/img/home-4/catagory/image-03.png]
[modinathemes.com/agron-html/assets/img/home-4/catagory/image-04.png]
[modinathemes.com/agron-html/assets/img/home-4/catagory/image-05.png]
[modinathemes.com/agron-html/assets/img/home-4/catagory/image-06.png]
[modinathemes.com/agron-html/assets/img/home-4/catagory/image-07.png]
[modinathemes.com/agron-html/assets/img/home-4/core-feature/core-01.jpg]
[modinathemes.com/agron-html/assets/img/home-4/core-feature/core-02.jpg]
[modinathemes.com/agron-html/assets/img/home-4/core-feature/shape-1.png]
[modinathemes.com/agron-html/assets/img/home-4/video-bg.png]
[modinathemes.com/agron-html/assets/img/home-4/circle-bg.png]
[modinathemes.com/agron-html/assets/img/home-4/achievement/shape-1.png]
[modinathemes.com/agron-html/assets/img/home-4/achievement/shape-2.png]
[modinathemes.com/agron-html/assets/img/home-4/team/shape-1.png]
[modinathemes.com/agron-html/assets/img/home-4/team/team-01.jpg]
[modinathemes.com/agron-html/assets/img/home-4/team/team-02.jpg]
[modinathemes.com/agron-html/assets/img/home-4/team/team-03.jpg]
[modinathemes.com/agron-html/assets/img/home-4/testimonial/shape-1.png]
[modinathemes.com/agron-html/assets/img/home-4/testimonial/shape-2.png]
[modinathemes.com/agron-html/assets/img/home-4/testimonial/testi-01.png]
[modinathemes.com/agron-html/assets/img/home-4/testimonial/clien-01.png]
[modinathemes.com/agron-html/assets/img/home-4/news/shape-1.png]
[modinathemes.com/agron-html/assets/img/home-4/news/shape-2.png]
[modinathemes.com/agron-html/assets/img/home-4/news/news-01.jpg]
[modinathemes.com/agron-html/assets/img/home-4/news/news-02.jpg]
[modinathemes.com/agron-html/assets/img/home-4/cta-discount-bg.jpg]
[modinathemes.com/agron-html/assets/img/home-4/icon-01.svg]
[modinathemes.com/agron-html/index-4.html]
[modinathemes.com/agron-html/assets/img/home-5/hero-bg.jpg]
[modinathemes.com/agron-html/assets/img/home-5/hero-bg2.jpg]
[modinathemes.com/agron-html/assets/img/home-5/hero-bg3.jpg]
[modinathemes.com/agron-html/assets/img/home-5/feature/shape-1.png]
[modinathemes.com/agron-html/assets/img/home-5/about/shape-1.png]
[modinathemes.com/agron-html/assets/img/home-5/about/organic-icon.png]
[modinathemes.com/agron-html/assets/img/home-5/about/about-01.jpg]
[modinathemes.com/agron-html/assets/img/home-5/about/about-02.jpg]
[modinathemes.com/agron-html/assets/img/home-5/about/about-03.jpg]
[modinathemes.com/agron-html/assets/img/home-5/choose/choose-01.jpg]
[modinathemes.com/agron-html/assets/img/home-5/choose/choose-02.jpg]
[modinathemes.com/agron-html/assets/img/home-5/choose/shape-01.png]
[modinathemes.com/agron-html/assets/img/home-5/service/shape-1.png]
[modinathemes.com/agron-html/assets/img/home-5/service/service-01.jpg]
[modinathemes.com/agron-html/assets/img/home-5/service/service-02.jpg]
[modinathemes.com/agron-html/assets/img/home-5/service/service-03.jpg]
[modinathemes.com/agron-html/assets/img/home-5/service/service-04.jpg]
[modinathemes.com/agron-html/assets/img/home-5/choose/shape-02.png]
[modinathemes.com/agron-html/assets/img/home-5/choose/shape-03.png]
[modinathemes.com/agron-html/assets/img/home-5/choose/choose-03.png]
[modinathemes.com/agron-html/assets/img/home-5/choose/icon-1.svg]
[modinathemes.com/agron-html/assets/img/home-5/choose/icon-2.svg]
[modinathemes.com/agron-html/assets/img/home-5/choose/icon-3.svg]
[modinathemes.com/agron-html/assets/img/home-5/choose/icon-4.svg]
[modinathemes.com/agron-html/assets/img/home-5/choose/icon-5.svg]
[modinathemes.com/agron-html/assets/img/home-5/choose/icon-6.svg]
[modinathemes.com/agron-html/assets/img/home-5/cta-banner.jpg]
[modinathemes.com/agron-html/assets/img/home-5/products/shape-1.png]
[modinathemes.com/agron-html/assets/img/home-5/products/shape-2.png]
[modinathemes.com/agron-html/assets/img/home-5/products/shape-3.png]
[modinathemes.com/agron-html/assets/img/home-5/products/products-01.jpg]
[modinathemes.com/agron-html/assets/img/home-5/products/products-02.jpg]
[modinathemes.com/agron-html/assets/img/home-5/products/products-03.jpg]
[modinathemes.com/agron-html/assets/img/home-5/products/products-04.jpg]
[modinathemes.com/agron-html/assets/img/home-5/products/products-05.jpg]
[modinathemes.com/agron-html/assets/img/home-5/products/products-06.jpg]
[modinathemes.com/agron-html/assets/img/home-5/products/products-07.jpg]
[modinathemes.com/agron-html/assets/img/home-5/products/products-08.jpg]
[modinathemes.com/agron-html/assets/img/home-5/project/project-01.jpg]
[modinathemes.com/agron-html/assets/img/home-5/project/project-02.jpg]
[modinathemes.com/agron-html/assets/img/home-5/project/project-03.jpg]
[modinathemes.com/agron-html/assets/img/home-5/project/project-04.jpg]
[modinathemes.com/agron-html/assets/img/home-5/testimonial/shape-1.png]
[modinathemes.com/agron-html/assets/img/home-5/testimonial/shape-2.png]
[modinathemes.com/agron-html/assets/img/home-5/testimonial/client-01.png]
[modinathemes.com/agron-html/assets/img/home-5/testimonial/client-02.png]
[modinathemes.com/agron-html/assets/img/home-5/testimonial/client-03.png]
[modinathemes.com/agron-html/assets/img/home-5/news/news-01.jpg]
[modinathemes.com/agron-html/assets/img/home-5/news/news-02.jpg]
[modinathemes.com/agron-html/assets/img/home-5/news/news-03.jpg]
[modinathemes.com/agron-html/assets/img/home-5/news/news-04.jpg]
[modinathemes.com/agron-html/assets/img/home-5/faq-shape.png]
[modinathemes.com/agron-html/assets/img/home-5/footer/shape-1.png]
[modinathemes.com/agron-html/assets/img/home-5/footer/shape-2.png]
[modinathemes.com/agron-html/assets/img/home-5/footer/shape-3.png]
[modinathemes.com/agron-html/assets/img/home-5/footer/shape-4.png]
[modinathemes.com/agron-html/index-5.html]
[modinathemes.com/agron-html/about.html]
[modinathemes.com/agron-html/assets/img/inner-page/project/project-01.jpg]
[modinathemes.com/agron-html/assets/img/inner-page/project/project-02.jpg]
[modinathemes.com/agron-html/assets/img/inner-page/project/project-03.jpg]
[modinathemes.com/agron-html/assets/img/inner-page/project/project-04.jpg]
[modinathemes.com/agron-html/assets/img/inner-page/project/project-05.jpg]
[modinathemes.com/agron-html/assets/img/inner-page/project/project-06.jpg]
[modinathemes.com/agron-html/assets/img/inner-page/project/project-07.jpg]
[modinathemes.com/agron-html/assets/img/inner-page/project/project-08.jpg]
[modinathemes.com/agron-html/assets/img/inner-page/project/project-09.jpg]
[modinathemes.com/agron-html/project.html]
[modinathemes.com/agron-html/assets/img/inner-page/service/service-details-03.jpg]
[modinathemes.com/agron-html/assets/img/inner-page/project/project-details-01.jpg]
[modinathemes.com/agron-html/project-details.html]
[modinathemes.com/agron-html/assets/img/inner-page/team/team-01.jpg]
[modinathemes.com/agron-html/assets/img/inner-page/team/team-02.jpg]
[modinathemes.com/agron-html/assets/img/inner-page/team/team-03.jpg]
[modinathemes.com/agron-html/team.html]
[modinathemes.com/agron-html/assets/img/inner-page/team/team-details-01.jpg]
[modinathemes.com/agron-html/team-details.html]
[modinathemes.com/agron-html/assets/img/inner-page/pricing/icon-01.svg]
[modinathemes.com/agron-html/assets/img/inner-page/pricing/icon-02.svg]
[modinathemes.com/agron-html/pricing.html]
[modinathemes.com/agron-html/assets/img/inner-page/pricing/icon-03.svg]
[modinathemes.com/agron-html/assets/img/inner-page/gallery/gallery-01.jpg]
[modinathemes.com/agron-html/assets/img/inner-page/gallery/gallery-02.jpg]
[modinathemes.com/agron-html/assets/img/inner-page/gallery/gallery-03.jpg]
[modinathemes.com/agron-html/assets/img/inner-page/gallery/gallery-04.jpg]
[modinathemes.com/agron-html/assets/img/inner-page/gallery/gallery-05.jpg]
[modinathemes.com/agron-html/assets/img/inner-page/gallery/gallery-06.jpg]
[modinathemes.com/agron-html/assets/img/inner-page/gallery/gallery-07.jpg]
[modinathemes.com/agron-html/assets/img/inner-page/gallery/gallery-08.jpg]
[modinathemes.com/agron-html/assets/img/inner-page/gallery/gallery-09.jpg]
[modinathemes.com/agron-html/gallery.html]
[modinathemes.com/agron-html/testimonial.html]
[modinathemes.com/agron-html/history.html]
[modinathemes.com/agron-html/faq.html]
[modinathemes.com/agron-html/comming-soon.html]
[modinathemes.com/agron-html/assets/img/404.png]
[modinathemes.com/agron-html/404.html]
[modinathemes.com/agron-html/assets/img/inner-page/service/service-01.jpg]
[modinathemes.com/agron-html/assets/img/inner-page/service/service-02.jpg]
[modinathemes.com/agron-html/assets/img/inner-page/service/service-03.jpg]
[modinathemes.com/agron-html/assets/img/inner-page/service/service-04.jpg]
[modinathemes.com/agron-html/service.html]
[modinathemes.com/agron-html/assets/img/inner-page/service/service-details-01.jpg]
[modinathemes.com/agron-html/assets/img/inner-page/service/service-details-02.jpg]
[modinathemes.com/agron-html/service-details.html]
[modinathemes.com/agron-html/assets/img/inner-page/news/news-grid-01.jpg]
[modinathemes.com/agron-html/assets/img/inner-page/news/news-grid-02.jpg]
[modinathemes.com/agron-html/assets/img/inner-page/news/news-grid-03.jpg]
[modinathemes.com/agron-html/news-grid.html]
[modinathemes.com/agron-html/assets/img/inner-page/news/news-01.jpg]
[modinathemes.com/agron-html/assets/img/inner-page/news/news-02.jpg]
[modinathemes.com/agron-html/assets/img/inner-page/news/news-03.jpg]
[modinathemes.com/agron-html/assets/img/inner-page/news/news-sm-01.jpg]
[modinathemes.com/agron-html/assets/img/inner-page/news/news-sm-02.jpg]
[modinathemes.com/agron-html/assets/img/inner-page/news/news-sm-03.jpg]
[modinathemes.com/agron-html/news.html]
[modinathemes.com/agron-html/assets/img/inner-page/news/news-details-01.jpg]
[modinathemes.com/agron-html/assets/img/inner-page/news/news-details-02.jpg]
[modinathemes.com/agron-html/assets/img/inner-page/news/client-01.jpg]
[modinathemes.com/agron-html/assets/img/inner-page/news/client-02.jpg]
[modinathemes.com/agron-html/assets/img/inner-page/news/client-03.jpg]
[modinathemes.com/agron-html/news-details.html]
[modinathemes.com/agron-html/assets/img/inner-page/shop/shop-sidber-1.png]
[modinathemes.com/agron-html/assets/img/inner-page/shop/shop-sidber-2.png]
[modinathemes.com/agron-html/assets/img/inner-page/shop/shop-sidber-3.png]
[modinathemes.com/agron-html/assets/img/inner-page/shop/shop-01.png]
[modinathemes.com/agron-html/assets/img/inner-page/shop/shop-02.png]
[modinathemes.com/agron-html/assets/img/inner-page/shop/shop-03.png]
[modinathemes.com/agron-html/assets/img/inner-page/shop/shop-04.png]
[modinathemes.com/agron-html/assets/img/inner-page/shop/shop-05.png]
[modinathemes.com/agron-html/shop.html]
[modinathemes.com/agron-html/assets/img/inner-page/shop/shop-details-01.jpg]
[modinathemes.com/agron-html/assets/img/inner-page/shop/shop-details-02.jpg]
[modinathemes.com/agron-html/assets/img/inner-page/shop/shop-details-03.jpg]
[modinathemes.com/agron-html/assets/img/inner-page/shop/shop-details-04.jpg]
[modinathemes.com/agron-html/assets/img/inner-page/shop/client-01.jpg]
[modinathemes.com/agron-html/assets/img/inner-page/shop/client-02.jpg]
[modinathemes.com/agron-html/assets/img/inner-page/shop/client-03.png]
[modinathemes.com/agron-html/shop-details.html]
[modinathemes.com/agron-html/shop-cart.html]
[modinathemes.com/agron-html/checkout.html]
[modinathemes.com/agron-html/assets/img/home-1/hero/hero-title.svg]
[modinathemes.com/agron-html/assets/img/sub-title.svg]
[modinathemes.com/agron-html/assets/img/logo/white-logo.svg]
[modinathemes.com/agron-html/supportagron@gmail.html]
[modinathemes.com/agron-html/assets/img/icon/icon1.svg]
[modinathemes.com/agron-html/assets/img/icon/icon2.svg]
[modinathemes.com/agron-html/assets/img/icon/icon3.svg]
[modinathemes.com/agron-html/assets/img/icon/icon4.svg]
[modinathemes.com/agron-html/assets/img/home-3/choose-us/award-icon.svg]
[modinathemes.com/agron-html/assets/img/icon/icon11.svg]
[modinathemes.com/agron-html/assets/img/icon/icon22.svg]
[modinathemes.com/agron-html/assets/img/icon/icon33.svg]
[modinathemes.com/agron-html/assets/img/icon/icon44.svg]
[modinathemes.com/agron-html/assets/img/home-4/icon-01.svg]
[modinathemes.com/agron-html/assets/img/home-5/choose/icon-1.svg]
[modinathemes.com/agron-html/assets/img/home-5/choose/icon-2.svg]
[modinathemes.com/agron-html/assets/img/home-5/choose/icon-3.svg]
[modinathemes.com/agron-html/assets/img/home-5/choose/icon-4.svg]
[modinathemes.com/agron-html/assets/img/home-5/choose/icon-5.svg]
[modinathemes.com/agron-html/assets/img/home-5/choose/icon-6.svg]
[modinathemes.com/agron-html/assets/img/inner-page/pricing/icon-01.svg]
[modinathemes.com/agron-html/assets/img/inner-page/pricing/icon-02.svg]
[modinathemes.com/agron-html/assets/img/inner-page/pricing/icon-03.svg]
